<!-- file.txt -->
<tagName attribute="value">
    <childTag>
        Content goes here!
    </childTag>
</tagName>